<?xml version="1.0" encoding="utf-8"?><testsuites name="pytest tests"><testsuite name="pytest" errors="0" failures="0" skipped="2" tests="115" time="21.727" timestamp="2026-07-22T05:50:52.195988+00:00" hostname="LAPTOP-TGAQ71CC"><testcase classname="tests.integration.test_audit_api" name="test_get_audit_logs_empty" time="0.339" /><testcase classname="tests.integration.test_audit_api" name="test_get_audit_log_by_id" time="0.097" /><testcase classname="tests.integration.test_audit_api" name="test_get_audit_log_not_found" time="0.060" /><testcase classname="tests.integration.test_audit_api" name="test_get_audit_logs_filtering" time="0.161" /><testcase classname="tests.integration.test_audit_service" name="test_record_event_success" time="0.123" /><testcase classname="tests.integration.test_audit_service" name="test_record_event_resiliency" time="0.037" /><testcase classname="tests.integration.test_audit_service" name="test_list_logs_and_get_by_id" time="0.072" /><testcase classname="tests.integration.test_e2e_workflow" name="test_complete_e2e_workflow_and_validations" time="1.417" /><testcase classname="tests.integration.test_edge_cases" name="test_edge_case_duplicate_username" time="0.109" /><testcase classname="tests.integration.test_edge_cases" name="test_edge_case_duplicate_email" time="0.111" /><testcase classname="tests.integration.test_edge_cases" name="test_edge_case_missing_fields" time="0.049" /><testcase classname="tests.integration.test_edge_cases" name="test_edge_case_blank_payload" time="0.067" /><testcase classname="tests.integration.test_edge_cases" name="test_edge_case_malformed_json" time="0.054" /><testcase classname="tests.integration.test_edge_cases" name="test_edge_case_sql_injection_attempt" time="0.184" /><testcase classname="tests.integration.test_edge_cases" name="test_edge_case_unicode_inputs" time="0.085" /><testcase classname="tests.integration.test_edge_cases" name="test_edge_case_very_long_strings" time="0.053" /><testcase classname="tests.integration.test_health" name="test_health_endpoint" time="0.054" /><testcase classname="tests.integration.test_health" name="test_live_endpoint" time="0.046" /><testcase classname="tests.integration.test_health" name="test_ready_endpoint_healthy" time="1.468" /><testcase classname="tests.integration.test_health" name="test_ready_endpoint_unhealthy" time="1.466" /><testcase classname="tests.integration.test_health" name="test_prefixed_health_endpoint" time="0.094" /><testcase classname="tests.integration.test_health" name="test_prefixed_live_endpoint" time="0.061" /><testcase classname="tests.integration.test_health" name="test_prefixed_ready_endpoint" time="1.138" /><testcase classname="tests.integration.test_password_reset_flow" name="test_password_reset_flow_works_end_to_end" time="0.155" /><testcase classname="tests.integration.test_password_reset_flow" name="test_expired_otp_is_rejected" time="0.078" /><testcase classname="tests.integration.test_password_reset_flow" name="test_unknown_email_request_returns_success" time="0.055" /><testcase classname="tests.integration.test_password_reset_flow" name="test_verify_otp_rejects_invalid_code" time="0.069" /><testcase classname="tests.integration.test_password_reset_flow" name="test_otp_expiration_real_redis" time="1.295" /><testcase classname="tests.integration.test_password_reset_flow" name="test_retry_counter_real_redis" time="0.138" /><testcase classname="tests.integration.test_password_reset_flow" name="test_wrong_redis_config" time="10.019" /><testcase classname="tests.integration.test_password_reset_flow" name="test_redis_unavailable_during_verification" time="0.121" /><testcase classname="tests.integration.test_redis_health" name="test_real_redis_connectivity" time="0.007" /><testcase classname="tests.integration.test_redis_health" name="test_ready_endpoint_real_services" time="0.043" /><testcase classname="tests.integration.test_redis_health" name="test_ready_endpoint_all_healthy" time="0.043" /><testcase classname="tests.integration.test_redis_health" name="test_ready_endpoint_db_unhealthy" time="0.042" /><testcase classname="tests.integration.test_redis_health" name="test_ready_endpoint_redis_unhealthy" time="0.040" /><testcase classname="tests.integration.test_redis_health" name="test_ready_endpoint_sms_unhealthy" time="0.041" /><testcase classname="tests.integration.test_sms_integration" name="test_live_sms_provider_health_check" time="0.001"><skipped type="pytest.skip" message="Live integration test skipped: Set LIVE_SMS_TEST_ENABLED=true with active credentials to enable live API testing.">/home/utkarsh/projects/entreprise-IT-Operations-automation-platform/backend/tests/integration/test_sms_integration.py:21: Live integration test skipped: Set LIVE_SMS_TEST_ENABLED=true with active credentials to enable live API testing.</skipped></testcase><testcase classname="tests.integration.test_sms_integration" name="test_live_sms_provider_send" time="0.001"><skipped type="pytest.skip" message="Live integration test skipped: Set LIVE_SMS_TEST_ENABLED=true with active credentials to enable live API testing.">/home/utkarsh/projects/entreprise-IT-Operations-automation-platform/backend/tests/integration/test_sms_integration.py:31: Live integration test skipped: Set LIVE_SMS_TEST_ENABLED=true with active credentials to enable live API testing.</skipped></testcase><testcase classname="tests.unit.test_audit_service" name="test_record_event_success" time="0.004" /><testcase classname="tests.unit.test_audit_service" name="test_record_event_resolves_context" time="0.004" /><testcase classname="tests.unit.test_audit_service" name="test_record_event_resilience_on_exception" time="0.004" /><testcase classname="tests.unit.test_audit_service" name="test_get_log_by_id" time="0.003" /><testcase classname="tests.unit.test_audit_service" name="test_list_logs" time="0.003" /><testcase classname="tests.unit.test_logging" name="test_json_formatter_standard" time="0.003" /><testcase classname="tests.unit.test_logging" name="test_json_formatter_with_context" time="0.003" /><testcase classname="tests.unit.test_logging" name="test_logging_context_manager" time="0.003" /><testcase classname="tests.unit.test_logging" name="test_logging_failures_never_raise" time="0.003" /><testcase classname="tests.unit.test_logging" name="test_middleware_request_id_and_logs[asyncio]" time="0.003" /><testcase classname="tests.unit.test_notification_service" name="test_notification_service_delegates_to_provider" time="0.003" /><testcase classname="tests.unit.test_notification_service" name="test_console_notification_provider_debug_true" time="0.003" /><testcase classname="tests.unit.test_notification_service" name="test_console_notification_provider_debug_false" time="0.004" /><testcase classname="tests.unit.test_notification_service" name="test_notification_service_routes_email_to_test_recipient" time="0.003" /><testcase classname="tests.unit.test_password_service" name="test_request_password_reset_returns_success_for_unknown_email" time="0.018" /><testcase classname="tests.unit.test_password_service" name="test_request_password_reset_creates_request_and_sends_otp" time="0.017" /><testcase classname="tests.unit.test_password_service" name="test_verify_otp_raises_when_no_user" time="0.015" /><testcase classname="tests.unit.test_password_service" name="test_verify_otp_raises_when_no_request" time="0.014" /><testcase classname="tests.unit.test_password_service" name="test_verify_otp_raises_when_expired" time="0.014" /><testcase classname="tests.unit.test_password_service" name="test_verify_otp_raises_when_mismatch" time="0.013" /><testcase classname="tests.unit.test_password_service" name="test_verify_otp_returns_true_for_matching_otp" time="0.013" /><testcase classname="tests.unit.test_password_service" name="test_reset_password_updates_password" time="0.014" /><testcase classname="tests.unit.test_rate_limiter" name="test_forgot_password_rate_limiting" time="0.084" /><testcase classname="tests.unit.test_rate_limiter" name="test_verify_otp_rate_limiting" time="0.128" /><testcase classname="tests.unit.test_redis" name="test_redis_manager_init" time="0.005" /><testcase classname="tests.unit.test_redis" name="test_redis_manager_ping_success" time="0.004" /><testcase classname="tests.unit.test_redis" name="test_redis_manager_ping_failure" time="0.004" /><testcase classname="tests.unit.test_redis" name="test_redis_manager_check_health_and_reconnect_success" time="0.006" /><testcase classname="tests.unit.test_redis" name="test_redis_manager_check_health_and_reconnect_failure" time="0.005" /><testcase classname="tests.unit.test_redis" name="test_redis_manager_close" time="0.006" /><testcase classname="tests.unit.test_redis" name="test_get_redis" time="0.004" /><testcase classname="tests.unit.test_redis_service" name="test_redis_service_generate_key" time="0.003" /><testcase classname="tests.unit.test_redis_service" name="test_store_otp" time="0.006" /><testcase classname="tests.unit.test_redis_service" name="test_get_otp" time="0.003" /><testcase classname="tests.unit.test_redis_service" name="test_get_otp_empty" time="0.004" /><testcase classname="tests.unit.test_redis_service" name="test_increment_and_clear_attempts" time="0.004" /><testcase classname="tests.unit.test_redis_service" name="test_delete_otp" time="0.005" /><testcase classname="tests.unit.test_redis_service" name="test_verify_otp_success_non_consuming" time="0.005" /><testcase classname="tests.unit.test_redis_service" name="test_verify_otp_success_consuming" time="0.006" /><testcase classname="tests.unit.test_redis_service" name="test_verify_otp_already_used" time="0.005" /><testcase classname="tests.unit.test_redis_service" name="test_verify_otp_expired" time="0.005" /><testcase classname="tests.unit.test_redis_service" name="test_verify_otp_missing" time="0.006" /><testcase classname="tests.unit.test_redis_service" name="test_verify_otp_mismatch_increments_attempts" time="0.004" /><testcase classname="tests.unit.test_redis_service" name="test_verify_otp_max_attempts_lockout" time="0.074" /><testcase classname="tests.unit.test_repositories" name="test_user_repo_get_by_username" time="0.007" /><testcase classname="tests.unit.test_repositories" name="test_user_repo_get_by_email" time="0.006" /><testcase classname="tests.unit.test_repositories" name="test_user_repo_get_by_id" time="0.008" /><testcase classname="tests.unit.test_repositories" name="test_user_repo_create_user" time="0.004" /><testcase classname="tests.unit.test_repositories" name="test_audit_repo_create_entry" time="0.006" /><testcase classname="tests.unit.test_repositories" name="test_audit_repo_get_by_id" time="0.008" /><testcase classname="tests.unit.test_repositories" name="test_audit_repo_get_all_no_filters" time="0.009" /><testcase classname="tests.unit.test_repositories" name="test_audit_repo_get_all_with_filters" time="0.008" /><testcase classname="tests.unit.test_sms_notification_provider" name="test_mask_phone_number" time="0.003" /><testcase classname="tests.unit.test_sms_notification_provider" name="test_provider_default_initialization_from_settings" time="0.005" /><testcase classname="tests.unit.test_sms_notification_provider" name="test_validate_configuration_success" time="0.003" /><testcase classname="tests.unit.test_sms_notification_provider" name="test_validate_configuration_missing_secrets" time="0.003" /><testcase classname="tests.unit.test_sms_notification_provider" name="test_send_sms_success" time="0.031" /><testcase classname="tests.unit.test_sms_notification_provider" name="test_send_sms_authentication_failure" time="0.033" /><testcase classname="tests.unit.test_sms_notification_provider" name="test_send_sms_invalid_phone_number" time="0.031" /><testcase classname="tests.unit.test_sms_notification_provider" name="test_send_sms_transient_5xx_retry_and_fail" time="0.088" /><testcase classname="tests.unit.test_sms_notification_provider" name="test_send_sms_rate_limit_429_retry" time="0.061" /><testcase classname="tests.unit.test_sms_notification_provider" name="test_send_sms_network_timeout_retry" time="0.082" /><testcase classname="tests.unit.test_sms_notification_provider" name="test_privacy_and_logging_masking" time="0.054" /><testcase classname="tests.unit.test_sms_notification_provider" name="test_provider_health_check_success" time="0.035" /><testcase classname="tests.unit.test_sms_notification_provider" name="test_provider_health_check_failure" time="0.045" /><testcase classname="tests.unit.test_user_service" name="test_create_user_returns_user_response" time="0.031" /><testcase classname="tests.unit.test_user_service" name="test_create_user_conflict_on_existing_username" time="0.023" /><testcase classname="tests.unit.test_user_service" name="test_create_user_conflict_on_existing_email" time="0.022" /><testcase classname="tests.unit.test_validation" name="test_user_create_validation_success" time="0.007" /><testcase classname="tests.unit.test_validation" name="test_user_create_validation_username_too_short" time="0.005" /><testcase classname="tests.unit.test_validation" name="test_user_create_validation_username_too_long" time="0.006" /><testcase classname="tests.unit.test_validation" name="test_user_create_validation_invalid_email" time="0.007" /><testcase classname="tests.unit.test_validation" name="test_user_create_validation_password_too_short" time="0.006" /><testcase classname="tests.unit.test_validation" name="test_forgot_password_request_validation" time="0.008" /><testcase classname="tests.unit.test_validation" name="test_verify_otp_request_validation" time="0.004" /><testcase classname="tests.unit.test_validation" name="test_reset_password_request_validation" time="0.066" /></testsuite></testsuites>